BINARY_OP a + b
  EXPRESSION a
  EXPRESSION b
BINARY_OP x == y
  EXPRESSION x
  EXPRESSION y
BINARY_OP i % 15
  EXPRESSION i
  NUMERIC_LITERAL 15
BINARY_OP a && b
  EXPRESSION a
  EXPRESSION b
BINARY_OP a + b + c
  EXPRESSION a
  BINARY_OP b + c
    EXPRESSION b
    EXPRESSION c
BINARY_OP 1 + 2
  NUMERIC_LITERAL 1
  NUMERIC_LITERAL 2