IDENTIFIER a
WALRUS :=
IDENTIFIER 1
NEW_LINE 
IDENTIFIER b
WALRUS :=
PAREN_LEFT (
IDENTIFIER x
PAREN_RIGHT )
FAT_ARROW =>
NEW_LINE 
INDENT 
IDENTIFIER y
WALRUS :=
IDENTIFIER x
PLUS +
IDENTIFIER 1
NEW_LINE 
IDENTIFIER z
WALRUS :=
IDENTIFIER y
PLUS +
IDENTIFIER 2
NEW_LINE 
DEDENT 
IDENTIFIER c
WALRUS :=
IDENTIFIER 3
NEW_LINE 
IDENTIFIER d
WALRUS :=
PAREN_LEFT (
IDENTIFIER n
PAREN_RIGHT )
FAT_ARROW =>
NEW_LINE 
INDENT 
FOR for
IDENTIFIER i
IN in
IDENTIFIER range
PAREN_LEFT (
IDENTIFIER n
PAREN_RIGHT )
NEW_LINE 
INDENT 
IF if
IDENTIFIER i
GREATER_THAN >
IDENTIFIER 0
NEW_LINE 
INDENT 
IDENTIFIER process
PAREN_LEFT (
IDENTIFIER i
PAREN_RIGHT )
NEW_LINE 
DEDENT 
DEDENT 
DEDENT 
IDENTIFIER e
WALRUS :=
IDENTIFIER 4
NEW_LINE 