IDENTIFIER f
WALRUS :=
PAREN_LEFT (
IDENTIFIER n
PAREN_RIGHT )
FAT_ARROW =>
NEW_LINE 
INDENT 
FOR for
IDENTIFIER i
IN in
IDENTIFIER range
PAREN_LEFT (
IDENTIFIER n
PAREN_RIGHT )
NEW_LINE 
INDENT 
IF if
IDENTIFIER i
GREATER_THAN >
IDENTIFIER 5
NEW_LINE 
INDENT 
STRING "big"
NEW_LINE 
DEDENT 
ELSE else
NEW_LINE 
INDENT 
STRING "small"
NEW_LINE 
DEDENT 
DEDENT 
DEDENT 