IDENTIFIER a
NEW_LINE
INDENT
IDENTIFIER b
NEW_LINE
INDENT
IDENTIFIER c
NEW_LINE
INDENT
IDENTIFIER d
NEW_LINE
DEDENT
IDENTIFIER e
NEW_LINE
DEDENT
IDENTIFIER f
NEW_LINE
INDENT
IDENTIFIER g
NEW_LINE
INDENT
IDENTIFIER h
NEW_LINE
INDENT
IDENTIFIER i
NEW_LINE
DEDENT
IDENTIFIER j
NEW_LINE
DEDENT
IDENTIFIER k
NEW_LINE
DEDENT
IDENTIFIER l
NEW_LINE
DEDENT
IDENTIFIER m
NEW_LINE