IDENTIFIER x
WALRUS :=
IDENTIFIER 1
NEW_LINE 
IDENTIFIER f
WALRUS :=
PAREN_LEFT (
IDENTIFIER n
PAREN_RIGHT )
FAT_ARROW =>
NEW_LINE 
INDENT 
IDENTIFIER n
PLUS +
IDENTIFIER 1
NEW_LINE 
DEDENT 
IDENTIFIER y
WALRUS :=
IDENTIFIER 2
NEW_LINE 
IDENTIFIER g
WALRUS :=
PAREN_LEFT (
IDENTIFIER m
PAREN_RIGHT )
FAT_ARROW =>
NEW_LINE 
INDENT 
IDENTIFIER m
PLUS +
IDENTIFIER 2
NEW_LINE 
DEDENT 
IDENTIFIER z
WALRUS :=
IDENTIFIER 3
NEW_LINE 