IDENTIFIER a
WALRUS :=
NUMERIC 1
NEW_LINE
IDENTIFIER b
WALRUS :=
PAREN_LEFT (
IDENTIFIER x
PAREN_RIGHT )
FAT_ARROW =>
NEW_LINE
INDENT
IDENTIFIER c
WALRUS :=
IDENTIFIER x
NEW_LINE
IDENTIFIER d
WALRUS :=
PAREN_LEFT (
IDENTIFIER y
PAREN_RIGHT )
FAT_ARROW =>
NEW_LINE
INDENT
IDENTIFIER y
PLUS +
NUMERIC 1
NEW_LINE
DEDENT
IDENTIFIER e
WALRUS :=
IDENTIFIER c
PLUS +
NUMERIC 1
NEW_LINE
DEDENT
IDENTIFIER f
WALRUS :=
NUMERIC 2
NEW_LINE