IDENTIFIER a
NEW_LINE 
INDENT 
IDENTIFIER b
NEW_LINE 
INDENT 
IDENTIFIER c
NEW_LINE 
DEDENT 
IDENTIFIER d
NEW_LINE 
INDENT 
IDENTIFIER e
NEW_LINE 
INDENT 
IDENTIFIER f
NEW_LINE 
DEDENT 
DEDENT 
IDENTIFIER g
NEW_LINE 
DEDENT 
IDENTIFIER h
NEW_LINE 
INDENT 
IDENTIFIER i
NEW_LINE 
INDENT 
IDENTIFIER j
NEW_LINE 
DEDENT 
IDENTIFIER k
NEW_LINE 
DEDENT 