IDENTIFIER items
WALRUS :=
BRACKET_LEFT [
IDENTIFIER 1
COMMA ,
IDENTIFIER 2
COMMA ,
IDENTIFIER 3
BRACKET_RIGHT ]
NEW_LINE \n
IDENTIFIER filtered
WALRUS :=
BRACKET_LEFT [
BRACKET_RIGHT ]
NEW_LINE \n
NEW_LINE \n
FOR for
IDENTIFIER x
IN in
IDENTIFIER items
NEW_LINE \n
IF if
IDENTIFIER x
GREATER_THAN >
IDENTIFIER 2
LOGICAL_AND &&
IDENTIFIER x
NOT_EQUALS !=
IDENTIFIER 4
NEW_LINE \n
IDENTIFIER filtered
PATH_SEPARATOR ::
IDENTIFIER push
PAREN_LEFT (
IDENTIFIER x
PAREN_RIGHT )