IDENTIFIER status
WALRUS :=
TRUE true
NEW_LINE \n
WHILE while
IDENTIFIER status
EQUALS ==
TRUE true
NEW_LINE \n
IDENTIFIER count
WALRUS :=
IDENTIFIER count
PLUS +
NUMERIC 1
NEW_LINE \n
IF if
IDENTIFIER count
GREATER_THAN_OR_EQUAL >=
IDENTIFIER max_retries
NEW_LINE \n
IDENTIFIER status
WALRUS :=
FALSE false